---
source: crates/con/tests/test_serde.rs
expression: string
---
f: 1.23
i: 42
s: "Hello, world!"
b: true
some: "Some"
none: null
list: [
    "item1"
    "item2"
]
nested_object: {
    f: 3.2
    i: 7
    s: "Nested"
}
color_a: Rgb(
    {
        r: 255
        g: 0
        b: 0
    }
)
color_b: Hsl(
    0
    100
    200
)
tuple: [
    100
    "Tuple"
]
