---
source: crates/con/tests/test_reformat.rs
expression: formatted
---
// This comment is outside the outermost object.
// This comment proceeds the first key-value pair.
key: true // Suffix comment

// Comment about the second key-value pair.
// Very weird comment
key: null
// TODO: add more test cases here
